var x;
var y;
const c = 4
const d = 16;
var z;
lire x;
ecrire (x);
z := 60;
lire z;
ecrire 60/z;